// Vitest Snapshot v1, https://vitest.dev/guide/snapshot.html

exports[`RelevantChatsList > matches snapshot with three conversations 1`] = `
<div
  class="my-3 rounded-lg border border-border/30 overflow-hidden"
>
  <button
    aria-expanded="true"
    class="w-full flex items-center gap-2 px-3 py-2 text-xs text-muted-foreground hover:bg-muted/30 transition-colors"
    type="button"
  >
    <div
      animate="[object Object]"
      transition="[object Object]"
    >
      <svg
        aria-hidden="true"
        class="lucide lucide-chevron-down w-3 h-3"
        fill="none"
        height="24"
        stroke="currentColor"
        stroke-linecap="round"
        stroke-linejoin="round"
        stroke-width="2"
        viewBox="0 0 24 24"
        width="24"
        xmlns="http://www.w3.org/2000/svg"
      >
        <path
          d="m6 9 6 6 6-6"
        />
      </svg>
    </div>
    <svg
      aria-hidden="true"
      class="lucide lucide-message-square w-3 h-3"
      fill="none"
      height="24"
      stroke="currentColor"
      stroke-linecap="round"
      stroke-linejoin="round"
      stroke-width="2"
      viewBox="0 0 24 24"
      width="24"
      xmlns="http://www.w3.org/2000/svg"
    >
      <path
        d="M22 17a2 2 0 0 1-2 2H6.828a2 2 0 0 0-1.414.586l-2.202 2.202A.71.71 0 0 1 2 21.286V5a2 2 0 0 1 2-2h16a2 2 0 0 1 2 2z"
      />
    </svg>
    <span
      class="font-medium"
    >
      Relevant chats
    </span>
    <span
      class="ml-auto text-muted-foreground/60"
    >
      3
       results
    </span>
  </button>
  <div
    animate="[object Object]"
    class="overflow-hidden"
    exit="[object Object]"
    initial="[object Object]"
    transition="[object Object]"
  >
    <div
      class="border-t border-border/20 divide-y divide-border/10"
    >
      <button
        class="w-full flex items-start gap-2.5 px-3 py-2.5 text-left hover:bg-muted/20 transition-colors group"
        type="button"
      >
        <div
          class="mt-0.5 flex h-4 w-4 shrink-0 items-center justify-center rounded-full border border-border/60 text-muted-foreground/60 group-hover:text-muted-foreground transition-colors"
        >
          <svg
            aria-hidden="true"
            class="lucide lucide-message-square h-2.5 w-2.5"
            fill="none"
            height="24"
            stroke="currentColor"
            stroke-linecap="round"
            stroke-linejoin="round"
            stroke-width="2"
            viewBox="0 0 24 24"
            width="24"
            xmlns="http://www.w3.org/2000/svg"
          >
            <path
              d="M22 17a2 2 0 0 1-2 2H6.828a2 2 0 0 0-1.414.586l-2.202 2.202A.71.71 0 0 1 2 21.286V5a2 2 0 0 1 2-2h16a2 2 0 0 1 2 2z"
            />
          </svg>
        </div>
        <div
          class="min-w-0 flex-1"
        >
          <div
            class="flex items-center justify-between gap-2"
          >
            <span
              class="text-xs font-medium text-foreground/85 truncate"
            >
              Competitive analysis
            </span>
            <span
              class="flex items-center gap-1 text-[10px] text-muted-foreground/60 shrink-0"
            >
              <svg
                aria-hidden="true"
                class="lucide lucide-clock h-2.5 w-2.5"
                fill="none"
                height="24"
                stroke="currentColor"
                stroke-linecap="round"
                stroke-linejoin="round"
                stroke-width="2"
                viewBox="0 0 24 24"
                width="24"
                xmlns="http://www.w3.org/2000/svg"
              >
                <circle
                  cx="12"
                  cy="12"
                  r="10"
                />
                <path
                  d="M12 6v6l4 2"
                />
              </svg>
              2m ago
            </span>
          </div>
          <span
            class="text-[11px] text-muted-foreground truncate block mt-0.5"
          >
            Comparing Claude vs GPT features
          </span>
        </div>
      </button>
      <button
        class="w-full flex items-start gap-2.5 px-3 py-2.5 text-left hover:bg-muted/20 transition-colors group"
        type="button"
      >
        <div
          class="mt-0.5 flex h-4 w-4 shrink-0 items-center justify-center rounded-full border border-border/60 text-muted-foreground/60 group-hover:text-muted-foreground transition-colors"
        >
          <svg
            aria-hidden="true"
            class="lucide lucide-message-square h-2.5 w-2.5"
            fill="none"
            height="24"
            stroke="currentColor"
            stroke-linecap="round"
            stroke-linejoin="round"
            stroke-width="2"
            viewBox="0 0 24 24"
            width="24"
            xmlns="http://www.w3.org/2000/svg"
          >
            <path
              d="M22 17a2 2 0 0 1-2 2H6.828a2 2 0 0 0-1.414.586l-2.202 2.202A.71.71 0 0 1 2 21.286V5a2 2 0 0 1 2-2h16a2 2 0 0 1 2 2z"
            />
          </svg>
        </div>
        <div
          class="min-w-0 flex-1"
        >
          <div
            class="flex items-center justify-between gap-2"
          >
            <span
              class="text-xs font-medium text-foreground/85 truncate"
            >
              Building an AGI Workforce MCP Server
            </span>
            <span
              class="flex items-center gap-1 text-[10px] text-muted-foreground/60 shrink-0"
            >
              <svg
                aria-hidden="true"
                class="lucide lucide-clock h-2.5 w-2.5"
                fill="none"
                height="24"
                stroke="currentColor"
                stroke-linecap="round"
                stroke-linejoin="round"
                stroke-width="2"
                viewBox="0 0 24 24"
                width="24"
                xmlns="http://www.w3.org/2000/svg"
              >
                <circle
                  cx="12"
                  cy="12"
                  r="10"
                />
                <path
                  d="M12 6v6l4 2"
                />
              </svg>
              1h ago
            </span>
          </div>
          <span
            class="text-[11px] text-muted-foreground truncate block mt-0.5"
          >
            Added tool registry support
          </span>
        </div>
      </button>
      <button
        class="w-full flex items-start gap-2.5 px-3 py-2.5 text-left hover:bg-muted/20 transition-colors group"
        type="button"
      >
        <div
          class="mt-0.5 flex h-4 w-4 shrink-0 items-center justify-center rounded-full border border-border/60 text-muted-foreground/60 group-hover:text-muted-foreground transition-colors"
        >
          <svg
            aria-hidden="true"
            class="lucide lucide-message-square h-2.5 w-2.5"
            fill="none"
            height="24"
            stroke="currentColor"
            stroke-linecap="round"
            stroke-linejoin="round"
            stroke-width="2"
            viewBox="0 0 24 24"
            width="24"
            xmlns="http://www.w3.org/2000/svg"
          >
            <path
              d="M22 17a2 2 0 0 1-2 2H6.828a2 2 0 0 0-1.414.586l-2.202 2.202A.71.71 0 0 1 2 21.286V5a2 2 0 0 1 2-2h16a2 2 0 0 1 2 2z"
            />
          </svg>
        </div>
        <div
          class="min-w-0 flex-1"
        >
          <div
            class="flex items-center justify-between gap-2"
          >
            <span
              class="text-xs font-medium text-foreground/85 truncate"
            >
              Claude Ambassador interest
            </span>
            <span
              class="flex items-center gap-1 text-[10px] text-muted-foreground/60 shrink-0"
            >
              <svg
                aria-hidden="true"
                class="lucide lucide-clock h-2.5 w-2.5"
                fill="none"
                height="24"
                stroke="currentColor"
                stroke-linecap="round"
                stroke-linejoin="round"
                stroke-width="2"
                viewBox="0 0 24 24"
                width="24"
                xmlns="http://www.w3.org/2000/svg"
              >
                <circle
                  cx="12"
                  cy="12"
                  r="10"
                />
                <path
                  d="M12 6v6l4 2"
                />
              </svg>
              14h ago
            </span>
          </div>
          <span
            class="text-[11px] text-muted-foreground truncate block mt-0.5"
          >
            Follow-up needed
          </span>
        </div>
      </button>
    </div>
  </div>
</div>
`;
