---
source: apps/cli/src/tui/tui_app.rs
expression: draw_header(80)
---
┌──────────────────────────────────────────────────────────────────────────────┐
│ AGI  v0.0.1  │ fixture-flagship │ anthropic                                  │
├──────────────────────────────────────────────────────────────────────────────┤
