---
source: apps/cli/src/tui/widgets/snapshot_smoke.rs
assertion_line: 201
expression: terminal.backend()
---
"                                                                                "
"                                                                                "
"                                                                                "
"                                                                                "
"                                                                                "
"                                                                                "
"                                                                                "
"                                                                                "
"  ┌ Models  Local · BYOK · Cloud ────────────────────────────────────────────┐  "
"  │/ type to filter by name or provider...                                   │  "
"  │──────────────────────────────────────────────────────────────────────────│  "
"  │Bring your own key · your own provider keys                               │  "
"  │  Anthropic                                                               │  "
"  │    fixture-flagship                    Balanced      200K ctx            │  "
"  │  ● fixture-balanced                    Balanced      200K ctx            │  "
"  │  OpenAI                                                                  │  "
"  │    fixture-fast                        Balanced      128K ctx            │  "
"  │ Thinking: on · Effort: ◀ Medium ▶   Tab/←→                               │  "
"  └──────────────────────────────────────────────────────────────────────────┘  "
"                                                                                "
