---
source: apps/cli/src/tui/widgets/effort_picker.rs
expression: terminal.backend()
---
"                                                                                "
"                                                                                "
"                                                                                "
"                                                                                "
"                                                                                "
"                                                                                "
"                                                                                "
"                                                                                "
"                                                                                "
"  ┌ Effort ──────────────────────────────────────────────────────────────────┐  "
"  │                                                                          │  "
"  │    Low       Concise responses. Fastest.             (~4K tokens)        │  "
"  │ ●  Medium    Balanced quality and speed. Default.    (~16K tokens)       │  "
"  │    High      More thorough responses. Slower.        (~32K tokens)       │  "
"  │    Max       Most thorough responses. Slowest.       (~65K tokens)       │  "
"  │                                                                          │  "
"  └──────────────────────────────────────────────────────────────────────────┘  "
"                                                                                "
