---
source: apps/cli/src/tui/widgets/snapshot_smoke.rs
expression: terminal.backend()
---
"                                                                                "
"                                                                                "
"                                                                                "
"                                                                                "
"                                                                                "
"                                                                                "
"                                                                                "
"                                                                                "
"  ┌ Models  Local · Your key · Managed ──────────────────────────────────────┐  "
"  │/ type to filter by name or provider...                                   │  "
"  │──────────────────────────────────────────────────────────────────────────│  "
"  │Bring your own key · your own provider keys                               │  "
"  │  Anthropic                                                               │  "
"  │  ● Fixture Flagship                    Balanced      200K ctx            │  "
"  │    Fixture Balanced                    Balanced      200K ctx            │  "
"  │  OpenAI                                                                  │  "
"  │    Fixture Fast                        Balanced      128K ctx            │  "
"  │ Thinking: on · Effort: ◀ Medium ▶   Tab/←→                               │  "
"  └──────────────────────────────────────────────────────────────────────────┘  "
"                                                                                "
