---
source: apps/cli/src/tui/widgets/theme_picker.rs
expression: terminal.backend()
---
"                                                                                    "
"                                                                                    "
"                                                                                    "
"                                                                                    "
"                                                                                    "
"                                                                                    "
"      ┌ Theme ───────────────────────────────────────────────────────────────┐      "
"      │                                                                      │      "
"      │●  Dark                 Neutral dark background                       │      "
"      │   Light                Light background for bright terminals         │      "
"      │   Ansi                 Pure 16-color ANSI compatible                 │      "
"      │   High Contrast Dark   Maximum contrast for dark terminals           │      "
"      │   High Contrast Light  Maximum contrast for light terminals          │      "
"      │   Colorblind           Deuteranopia-friendly status colours          │      "
"      │                                                                      │      "
"      │  Preview: High Contrast Dark                                         │      "
"      │  fn hello() -> &'static str {                                        │      "
"      │      "world"  // returns a greeting                                  │      "
"      │  }                                                                   │      "
"      │                                                                      │      "
"      └──────────────────────────────────────────────────────────────────────┘      "
"                                                                                    "
