---
source: apps/cli/src/tui/widgets/snapshot_smoke.rs
expression: terminal.backend()
---
"                                                                                "
"                                                                                "
"                                                                                "
"                                                                                "
"                                                                                "
"                                                                                "
"                                                                                "
"                                                                                "
"                                                                                "
"                                                                                "
"                                                                                "
"  ┌ Select Model  (/ search  ↑↓ navigate  Tab jump-provider  Enter select  Es┐  "
"  │/ open                                                                    │  "
"  │──────────────────────────────────────────────────────────────────────────│  "
"  │BRING YOUR OWN KEY  ·  your own provider keys                             │  "
"  │  OpenAI                                                                  │  "
"  │    fixture-fast                    Balanced       128K ctx               │  "
"  │ [Thinking: ON] [Effort: ◀ Medium ▶]  Tab/←→ to change                    │  "
"  └──────────────────────────────────────────────────────────────────────────┘  "
"                                                                                "
