---
source: apps/cli/src/tui/widgets/effort_picker.rs
expression: terminal.backend()
---
"                                                                                "
"                                                                                "
"                                                                                "
"                                                                                "
"                                                                                "
"                                                                                "
"                                                                                "
"                                                                                "
"                                                                                "
"  ┌ Effort ──────────────────────────────────────────────────────────────────┐  "
"  │                                                                          │  "
"  │    Low       Minimal thinking. Fastest response.     (~4K tokens)        │  "
"  │ ●  Medium    Balanced thinking. Default.             (~16K tokens)       │  "
"  │    High      Extended thinking. More accurate.       (~32K tokens)       │  "
"  │    Max       Maximum thinking. Best accuracy.        (~65K tokens)       │  "
"  │                                                                          │  "
"  └──────────────────────────────────────────────────────────────────────────┘  "
"                                                                                "
