// Jest Snapshot v1, https://goo.gl/fbAQLP

exports[`SettingsScreen — inset-grouped card layout locks the full settings screen tree (system mode, local demo) 1`] = `
<View
  className="flex-1"
  style={
    {
      "backgroundColor": "#0e0e0e",
    }
  }
>
  <RCTScrollView
    className="flex-1"
    contentContainerStyle={
      {
        "paddingBottom": 36,
        "paddingHorizontal": 16,
        "paddingTop": 24,
      }
    }
    showsVerticalScrollIndicator={false}
  >
    <View>
      <View
        style={
          {
            "alignItems": "center",
            "flexDirection": "row",
            "gap": 12,
            "justifyContent": "space-between",
            "marginBottom": 16,
            "minHeight": 42,
          }
        }
      >
        <Text
          style={
            {
              "color": "#fff",
              "flex": 1,
              "fontSize": 28,
              "fontWeight": "700",
              "lineHeight": 34,
            }
          }
        >
          Settings
        </Text>
        <View
          accessibilityLabel="Close settings"
          accessibilityRole="button"
          accessibilityState={
            {
              "busy": undefined,
              "checked": undefined,
              "disabled": undefined,
              "expanded": undefined,
              "selected": undefined,
            }
          }
          accessibilityValue={
            {
              "max": undefined,
              "min": undefined,
              "now": undefined,
              "text": undefined,
            }
          }
          accessible={true}
          collapsable={false}
          focusable={true}
          hitSlop={10}
          onBlur={[Function]}
          onClick={[Function]}
          onFocus={[Function]}
          onResponderGrant={[Function]}
          onResponderMove={[Function]}
          onResponderRelease={[Function]}
          onResponderTerminate={[Function]}
          onResponderTerminationRequest={[Function]}
          onStartShouldSetResponder={[Function]}
          style={
            {
              "alignItems": "center",
              "backgroundColor": "#1a1a1a",
              "borderRadius": 20,
              "height": 40,
              "justifyContent": "center",
              "width": 40,
            }
          }
        >
          <View
            color="#aaa"
            size={20}
            testID="icon-X"
          />
        </View>
      </View>
      <View
        accessibilityLabel="Edit profile"
        accessibilityRole="button"
        accessibilityState={
          {
            "busy": undefined,
            "checked": undefined,
            "disabled": undefined,
            "expanded": undefined,
            "selected": undefined,
          }
        }
        accessibilityValue={
          {
            "max": undefined,
            "min": undefined,
            "now": undefined,
            "text": undefined,
          }
        }
        accessible={true}
        collapsable={false}
        focusable={true}
        onBlur={[Function]}
        onClick={[Function]}
        onFocus={[Function]}
        onResponderGrant={[Function]}
        onResponderMove={[Function]}
        onResponderRelease={[Function]}
        onResponderTerminate={[Function]}
        onResponderTerminationRequest={[Function]}
        onStartShouldSetResponder={[Function]}
        style={
          {
            "alignItems": "center",
            "backgroundColor": "#1a1a1a",
            "borderRadius": 24,
            "flexDirection": "row",
            "gap": 12,
            "marginBottom": 24,
            "minHeight": 72,
            "paddingHorizontal": 14,
          }
        }
      >
        <View
          style={
            {
              "alignItems": "center",
              "backgroundColor": undefined,
              "borderRadius": 21,
              "height": 42,
              "justifyContent": "center",
              "width": 42,
            }
          }
        >
          <Text
            style={
              {
                "color": "#fff",
                "fontSize": 17,
                "fontWeight": "700",
              }
            }
          >
            L
          </Text>
        </View>
        <View
          style={
            {
              "flex": 1,
            }
          }
        >
          <Text
            numberOfLines={1}
            style={
              {
                "color": "#fff",
                "fontSize": 16,
                "fontWeight": "600",
              }
            }
          >
            Local profile
          </Text>
          <Text
            numberOfLines={1}
            style={
              {
                "color": "#777",
                "fontSize": 12,
                "marginTop": 2,
              }
            }
          >
            Local mode active
          </Text>
        </View>
        <View
          color="#777"
          size={20}
          testID="icon-UserRound"
        />
      </View>
      <View
        style={
          {
            "marginBottom": 24,
          }
        }
      >
        <Text
          style={
            {
              "color": "#777",
              "fontSize": 13,
              "fontWeight": "600",
              "marginBottom": 8,
              "paddingHorizontal": 2,
            }
          }
        >
          Account
        </Text>
        <View
          style={
            {
              "backgroundColor": "#1a1a1a",
              "borderRadius": 24,
              "overflow": "hidden",
            }
          }
        >
          <View
            accessibilityLabel="Email. Sign in"
            accessibilityRole="button"
            accessibilityState={
              {
                "busy": undefined,
                "checked": undefined,
                "disabled": undefined,
                "expanded": undefined,
                "selected": undefined,
              }
            }
            accessibilityValue={
              {
                "max": undefined,
                "min": undefined,
                "now": undefined,
                "text": undefined,
              }
            }
            accessible={true}
            collapsable={false}
            focusable={true}
            onBlur={[Function]}
            onClick={[Function]}
            onFocus={[Function]}
            onResponderGrant={[Function]}
            onResponderMove={[Function]}
            onResponderRelease={[Function]}
            onResponderTerminate={[Function]}
            onResponderTerminationRequest={[Function]}
            onStartShouldSetResponder={[Function]}
            style={
              {
                "alignItems": "center",
                "borderBottomColor": "#333",
                "borderBottomWidth": 1,
                "flexDirection": "row",
                "gap": 12,
                "minHeight": 50,
                "paddingHorizontal": 14,
              }
            }
          >
            <View
              color="#aaa"
              size={19}
              strokeWidth={1.8}
              testID="icon-UserRound"
            />
            <Text
              numberOfLines={1}
              style={
                {
                  "color": "#fff",
                  "flex": 1,
                  "fontSize": 15,
                }
              }
            >
              Email
            </Text>
            <Text
              numberOfLines={1}
              style={
                {
                  "color": "#777",
                  "fontSize": 13,
                  "maxWidth": 130,
                }
              }
            >
              Sign in
            </Text>
            <View
              color="#777"
              size={17}
              testID="icon-ChevronRight"
            />
          </View>
          <View
            accessibilityLabel="Subscription. Sign in"
            accessibilityRole="button"
            accessibilityState={
              {
                "busy": undefined,
                "checked": undefined,
                "disabled": undefined,
                "expanded": undefined,
                "selected": undefined,
              }
            }
            accessibilityValue={
              {
                "max": undefined,
                "min": undefined,
                "now": undefined,
                "text": undefined,
              }
            }
            accessible={true}
            collapsable={false}
            focusable={true}
            onBlur={[Function]}
            onClick={[Function]}
            onFocus={[Function]}
            onResponderGrant={[Function]}
            onResponderMove={[Function]}
            onResponderRelease={[Function]}
            onResponderTerminate={[Function]}
            onResponderTerminationRequest={[Function]}
            onStartShouldSetResponder={[Function]}
            style={
              {
                "alignItems": "center",
                "borderBottomColor": "#333",
                "borderBottomWidth": 0,
                "flexDirection": "row",
                "gap": 12,
                "minHeight": 50,
                "paddingHorizontal": 14,
              }
            }
          >
            <View
              color="#aaa"
              size={19}
              strokeWidth={1.8}
              testID="icon-CreditCard"
            />
            <Text
              numberOfLines={1}
              style={
                {
                  "color": "#fff",
                  "flex": 1,
                  "fontSize": 15,
                }
              }
            >
              Subscription
            </Text>
            <Text
              numberOfLines={1}
              style={
                {
                  "color": "#777",
                  "fontSize": 13,
                  "maxWidth": 130,
                }
              }
            >
              Sign in
            </Text>
            <View
              color="#777"
              size={17}
              testID="icon-ChevronRight"
            />
          </View>
        </View>
      </View>
      <View
        style={
          {
            "marginBottom": 24,
          }
        }
      >
        <Text
          style={
            {
              "color": "#777",
              "fontSize": 13,
              "fontWeight": "600",
              "marginBottom": 8,
              "paddingHorizontal": 2,
            }
          }
        >
          Device
        </Text>
        <View
          style={
            {
              "backgroundColor": "#1a1a1a",
              "borderRadius": 24,
              "overflow": "hidden",
            }
          }
        >
          <View
            accessibilityLabel="Appearance. System"
            accessibilityRole="button"
            accessibilityState={
              {
                "busy": undefined,
                "checked": undefined,
                "disabled": undefined,
                "expanded": undefined,
                "selected": undefined,
              }
            }
            accessibilityValue={
              {
                "max": undefined,
                "min": undefined,
                "now": undefined,
                "text": undefined,
              }
            }
            accessible={true}
            collapsable={false}
            focusable={true}
            onBlur={[Function]}
            onClick={[Function]}
            onFocus={[Function]}
            onResponderGrant={[Function]}
            onResponderMove={[Function]}
            onResponderRelease={[Function]}
            onResponderTerminate={[Function]}
            onResponderTerminationRequest={[Function]}
            onStartShouldSetResponder={[Function]}
            style={
              {
                "alignItems": "center",
                "borderBottomColor": "#333",
                "borderBottomWidth": 1,
                "flexDirection": "row",
                "gap": 12,
                "minHeight": 50,
                "paddingHorizontal": 14,
              }
            }
          >
            <View
              color="#aaa"
              size={19}
              strokeWidth={1.8}
              testID="icon-Palette"
            />
            <Text
              numberOfLines={1}
              style={
                {
                  "color": "#fff",
                  "flex": 1,
                  "fontSize": 15,
                }
              }
            >
              Appearance
            </Text>
            <Text
              numberOfLines={1}
              style={
                {
                  "color": "#777",
                  "fontSize": 13,
                  "maxWidth": 130,
                }
              }
            >
              System
            </Text>
            <View
              color="#777"
              size={17}
              testID="icon-ChevronRight"
            />
          </View>
          <View
            accessibilityLabel="Accent Color. Neutral"
            accessibilityRole="button"
            accessibilityState={
              {
                "busy": undefined,
                "checked": undefined,
                "disabled": undefined,
                "expanded": undefined,
                "selected": undefined,
              }
            }
            accessibilityValue={
              {
                "max": undefined,
                "min": undefined,
                "now": undefined,
                "text": undefined,
              }
            }
            accessible={true}
            collapsable={false}
            focusable={true}
            onBlur={[Function]}
            onClick={[Function]}
            onFocus={[Function]}
            onResponderGrant={[Function]}
            onResponderMove={[Function]}
            onResponderRelease={[Function]}
            onResponderTerminate={[Function]}
            onResponderTerminationRequest={[Function]}
            onStartShouldSetResponder={[Function]}
            style={
              {
                "alignItems": "center",
                "borderBottomColor": "#333",
                "borderBottomWidth": 1,
                "flexDirection": "row",
                "gap": 12,
                "minHeight": 50,
                "paddingHorizontal": 14,
              }
            }
          >
            <View
              color="#aaa"
              size={19}
              strokeWidth={1.8}
              testID="icon-Palette"
            />
            <Text
              numberOfLines={1}
              style={
                {
                  "color": "#fff",
                  "flex": 1,
                  "fontSize": 15,
                }
              }
            >
              Accent Color
            </Text>
            <Text
              numberOfLines={1}
              style={
                {
                  "color": "#777",
                  "fontSize": 13,
                  "maxWidth": 130,
                }
              }
            >
              Neutral
            </Text>
            <View
              color="#777"
              size={17}
              testID="icon-ChevronRight"
            />
          </View>
          <View
            accessibilityLabel="General. llama-3.2-1b"
            accessibilityRole="button"
            accessibilityState={
              {
                "busy": undefined,
                "checked": undefined,
                "disabled": undefined,
                "expanded": undefined,
                "selected": undefined,
              }
            }
            accessibilityValue={
              {
                "max": undefined,
                "min": undefined,
                "now": undefined,
                "text": undefined,
              }
            }
            accessible={true}
            collapsable={false}
            focusable={true}
            onBlur={[Function]}
            onClick={[Function]}
            onFocus={[Function]}
            onResponderGrant={[Function]}
            onResponderMove={[Function]}
            onResponderRelease={[Function]}
            onResponderTerminate={[Function]}
            onResponderTerminationRequest={[Function]}
            onStartShouldSetResponder={[Function]}
            style={
              {
                "alignItems": "center",
                "borderBottomColor": "#333",
                "borderBottomWidth": 1,
                "flexDirection": "row",
                "gap": 12,
                "minHeight": 50,
                "paddingHorizontal": 14,
              }
            }
          >
            <View
              color="#aaa"
              size={19}
              strokeWidth={1.8}
              testID="icon-SlidersHorizontal"
            />
            <Text
              numberOfLines={1}
              style={
                {
                  "color": "#fff",
                  "flex": 1,
                  "fontSize": 15,
                }
              }
            >
              General
            </Text>
            <Text
              numberOfLines={1}
              style={
                {
                  "color": "#777",
                  "fontSize": 13,
                  "maxWidth": 130,
                }
              }
            >
              llama-3.2-1b
            </Text>
            <View
              color="#777"
              size={17}
              testID="icon-ChevronRight"
            />
          </View>
          <View
            accessibilityLabel="Notifications"
            accessibilityRole="button"
            accessibilityState={
              {
                "busy": undefined,
                "checked": undefined,
                "disabled": undefined,
                "expanded": undefined,
                "selected": undefined,
              }
            }
            accessibilityValue={
              {
                "max": undefined,
                "min": undefined,
                "now": undefined,
                "text": undefined,
              }
            }
            accessible={true}
            collapsable={false}
            focusable={true}
            onBlur={[Function]}
            onClick={[Function]}
            onFocus={[Function]}
            onResponderGrant={[Function]}
            onResponderMove={[Function]}
            onResponderRelease={[Function]}
            onResponderTerminate={[Function]}
            onResponderTerminationRequest={[Function]}
            onStartShouldSetResponder={[Function]}
            style={
              {
                "alignItems": "center",
                "borderBottomColor": "#333",
                "borderBottomWidth": 1,
                "flexDirection": "row",
                "gap": 12,
                "minHeight": 50,
                "paddingHorizontal": 14,
              }
            }
          >
            <View
              color="#aaa"
              size={19}
              strokeWidth={1.8}
              testID="icon-Bell"
            />
            <Text
              numberOfLines={1}
              style={
                {
                  "color": "#fff",
                  "flex": 1,
                  "fontSize": 15,
                }
              }
            >
              Notifications
            </Text>
            <View
              color="#777"
              size={17}
              testID="icon-ChevronRight"
            />
          </View>
          <View
            accessibilityLabel="Voice"
            accessibilityRole="button"
            accessibilityState={
              {
                "busy": undefined,
                "checked": undefined,
                "disabled": undefined,
                "expanded": undefined,
                "selected": undefined,
              }
            }
            accessibilityValue={
              {
                "max": undefined,
                "min": undefined,
                "now": undefined,
                "text": undefined,
              }
            }
            accessible={true}
            collapsable={false}
            focusable={true}
            onBlur={[Function]}
            onClick={[Function]}
            onFocus={[Function]}
            onResponderGrant={[Function]}
            onResponderMove={[Function]}
            onResponderRelease={[Function]}
            onResponderTerminate={[Function]}
            onResponderTerminationRequest={[Function]}
            onStartShouldSetResponder={[Function]}
            style={
              {
                "alignItems": "center",
                "borderBottomColor": "#333",
                "borderBottomWidth": 1,
                "flexDirection": "row",
                "gap": 12,
                "minHeight": 50,
                "paddingHorizontal": 14,
              }
            }
          >
            <View
              color="#aaa"
              size={19}
              strokeWidth={1.8}
              testID="icon-Mic"
            />
            <Text
              numberOfLines={1}
              style={
                {
                  "color": "#fff",
                  "flex": 1,
                  "fontSize": 15,
                }
              }
            >
              Voice
            </Text>
            <View
              color="#777"
              size={17}
              testID="icon-ChevronRight"
            />
          </View>
          <View
            accessibilityLabel="Safety & Security"
            accessibilityRole="button"
            accessibilityState={
              {
                "busy": undefined,
                "checked": undefined,
                "disabled": undefined,
                "expanded": undefined,
                "selected": undefined,
              }
            }
            accessibilityValue={
              {
                "max": undefined,
                "min": undefined,
                "now": undefined,
                "text": undefined,
              }
            }
            accessible={true}
            collapsable={false}
            focusable={true}
            onBlur={[Function]}
            onClick={[Function]}
            onFocus={[Function]}
            onResponderGrant={[Function]}
            onResponderMove={[Function]}
            onResponderRelease={[Function]}
            onResponderTerminate={[Function]}
            onResponderTerminationRequest={[Function]}
            onStartShouldSetResponder={[Function]}
            style={
              {
                "alignItems": "center",
                "borderBottomColor": "#333",
                "borderBottomWidth": 1,
                "flexDirection": "row",
                "gap": 12,
                "minHeight": 50,
                "paddingHorizontal": 14,
              }
            }
          >
            <View
              color="#aaa"
              size={19}
              strokeWidth={1.8}
              testID="icon-Shield"
            />
            <Text
              numberOfLines={1}
              style={
                {
                  "color": "#fff",
                  "flex": 1,
                  "fontSize": 15,
                }
              }
            >
              Safety & Security
            </Text>
            <View
              color="#777"
              size={17}
              testID="icon-ChevronRight"
            />
          </View>
          <View
            accessibilityLabel="Parental Controls"
            accessibilityRole="button"
            accessibilityState={
              {
                "busy": undefined,
                "checked": undefined,
                "disabled": undefined,
                "expanded": undefined,
                "selected": undefined,
              }
            }
            accessibilityValue={
              {
                "max": undefined,
                "min": undefined,
                "now": undefined,
                "text": undefined,
              }
            }
            accessible={true}
            collapsable={false}
            focusable={true}
            onBlur={[Function]}
            onClick={[Function]}
            onFocus={[Function]}
            onResponderGrant={[Function]}
            onResponderMove={[Function]}
            onResponderRelease={[Function]}
            onResponderTerminate={[Function]}
            onResponderTerminationRequest={[Function]}
            onStartShouldSetResponder={[Function]}
            style={
              {
                "alignItems": "center",
                "borderBottomColor": "#333",
                "borderBottomWidth": 0,
                "flexDirection": "row",
                "gap": 12,
                "minHeight": 50,
                "paddingHorizontal": 14,
              }
            }
          >
            <View
              color="#aaa"
              size={19}
              strokeWidth={1.8}
              testID="icon-Baby"
            />
            <Text
              numberOfLines={1}
              style={
                {
                  "color": "#fff",
                  "flex": 1,
                  "fontSize": 15,
                }
              }
            >
              Parental Controls
            </Text>
            <View
              color="#777"
              size={17}
              testID="icon-ChevronRight"
            />
          </View>
        </View>
      </View>
      <View
        style={
          {
            "marginBottom": 24,
          }
        }
      >
        <Text
          style={
            {
              "color": "#777",
              "fontSize": 13,
              "fontWeight": "600",
              "marginBottom": 8,
              "paddingHorizontal": 2,
            }
          }
        >
          Local Mode
        </Text>
        <View
          style={
            {
              "backgroundColor": "#1a1a1a",
              "borderRadius": 24,
              "overflow": "hidden",
            }
          }
        >
          <View
            accessibilityLabel="Personalization"
            accessibilityRole="button"
            accessibilityState={
              {
                "busy": undefined,
                "checked": undefined,
                "disabled": undefined,
                "expanded": undefined,
                "selected": undefined,
              }
            }
            accessibilityValue={
              {
                "max": undefined,
                "min": undefined,
                "now": undefined,
                "text": undefined,
              }
            }
            accessible={true}
            collapsable={false}
            focusable={true}
            onBlur={[Function]}
            onClick={[Function]}
            onFocus={[Function]}
            onResponderGrant={[Function]}
            onResponderMove={[Function]}
            onResponderRelease={[Function]}
            onResponderTerminate={[Function]}
            onResponderTerminationRequest={[Function]}
            onStartShouldSetResponder={[Function]}
            style={
              {
                "alignItems": "center",
                "borderBottomColor": "#333",
                "borderBottomWidth": 1,
                "flexDirection": "row",
                "gap": 12,
                "minHeight": 50,
                "paddingHorizontal": 14,
              }
            }
          >
            <View
              color="#aaa"
              size={19}
              strokeWidth={1.8}
              testID="icon-Sparkles"
            />
            <Text
              numberOfLines={1}
              style={
                {
                  "color": "#fff",
                  "flex": 1,
                  "fontSize": 15,
                }
              }
            >
              Personalization
            </Text>
            <View
              color="#777"
              size={17}
              testID="icon-ChevronRight"
            />
          </View>
          <View
            accessibilityLabel="Memory"
            accessibilityRole="button"
            accessibilityState={
              {
                "busy": undefined,
                "checked": undefined,
                "disabled": undefined,
                "expanded": undefined,
                "selected": undefined,
              }
            }
            accessibilityValue={
              {
                "max": undefined,
                "min": undefined,
                "now": undefined,
                "text": undefined,
              }
            }
            accessible={true}
            collapsable={false}
            focusable={true}
            onBlur={[Function]}
            onClick={[Function]}
            onFocus={[Function]}
            onResponderGrant={[Function]}
            onResponderMove={[Function]}
            onResponderRelease={[Function]}
            onResponderTerminate={[Function]}
            onResponderTerminationRequest={[Function]}
            onStartShouldSetResponder={[Function]}
            style={
              {
                "alignItems": "center",
                "borderBottomColor": "#333",
                "borderBottomWidth": 1,
                "flexDirection": "row",
                "gap": 12,
                "minHeight": 50,
                "paddingHorizontal": 14,
              }
            }
          >
            <View
              color="#aaa"
              size={19}
              strokeWidth={1.8}
              testID="icon-Brain"
            />
            <Text
              numberOfLines={1}
              style={
                {
                  "color": "#fff",
                  "flex": 1,
                  "fontSize": 15,
                }
              }
            >
              Memory
            </Text>
            <View
              color="#777"
              size={17}
              testID="icon-ChevronRight"
            />
          </View>
          <View
            accessibilityLabel="Capabilities"
            accessibilityRole="button"
            accessibilityState={
              {
                "busy": undefined,
                "checked": undefined,
                "disabled": undefined,
                "expanded": undefined,
                "selected": undefined,
              }
            }
            accessibilityValue={
              {
                "max": undefined,
                "min": undefined,
                "now": undefined,
                "text": undefined,
              }
            }
            accessible={true}
            collapsable={false}
            focusable={true}
            onBlur={[Function]}
            onClick={[Function]}
            onFocus={[Function]}
            onResponderGrant={[Function]}
            onResponderMove={[Function]}
            onResponderRelease={[Function]}
            onResponderTerminate={[Function]}
            onResponderTerminationRequest={[Function]}
            onStartShouldSetResponder={[Function]}
            style={
              {
                "alignItems": "center",
                "borderBottomColor": "#333",
                "borderBottomWidth": 1,
                "flexDirection": "row",
                "gap": 12,
                "minHeight": 50,
                "paddingHorizontal": 14,
              }
            }
          >
            <View
              color="#aaa"
              size={19}
              strokeWidth={1.8}
              testID="icon-Zap"
            />
            <Text
              numberOfLines={1}
              style={
                {
                  "color": "#fff",
                  "flex": 1,
                  "fontSize": 15,
                }
              }
            >
              Capabilities
            </Text>
            <View
              color="#777"
              size={17}
              testID="icon-ChevronRight"
            />
          </View>
          <View
            accessibilityLabel="Data Controls"
            accessibilityRole="button"
            accessibilityState={
              {
                "busy": undefined,
                "checked": undefined,
                "disabled": undefined,
                "expanded": undefined,
                "selected": undefined,
              }
            }
            accessibilityValue={
              {
                "max": undefined,
                "min": undefined,
                "now": undefined,
                "text": undefined,
              }
            }
            accessible={true}
            collapsable={false}
            focusable={true}
            onBlur={[Function]}
            onClick={[Function]}
            onFocus={[Function]}
            onResponderGrant={[Function]}
            onResponderMove={[Function]}
            onResponderRelease={[Function]}
            onResponderTerminate={[Function]}
            onResponderTerminationRequest={[Function]}
            onStartShouldSetResponder={[Function]}
            style={
              {
                "alignItems": "center",
                "borderBottomColor": "#333",
                "borderBottomWidth": 0,
                "flexDirection": "row",
                "gap": 12,
                "minHeight": 50,
                "paddingHorizontal": 14,
              }
            }
          >
            <View
              color="#aaa"
              size={19}
              strokeWidth={1.8}
              testID="icon-Database"
            />
            <Text
              numberOfLines={1}
              style={
                {
                  "color": "#fff",
                  "flex": 1,
                  "fontSize": 15,
                }
              }
            >
              Data Controls
            </Text>
            <View
              color="#777"
              size={17}
              testID="icon-ChevronRight"
            />
          </View>
        </View>
      </View>
      <View
        style={
          {
            "marginBottom": 24,
          }
        }
      >
        <Text
          style={
            {
              "color": "#777",
              "fontSize": 13,
              "fontWeight": "600",
              "marginBottom": 8,
              "paddingHorizontal": 2,
            }
          }
        >
          Cloud
        </Text>
        <View
          style={
            {
              "backgroundColor": "#1a1a1a",
              "borderRadius": 24,
              "overflow": "hidden",
            }
          }
        >
          <View
            accessibilityLabel="Cloud Personalization. Sign in"
            accessibilityRole="button"
            accessibilityState={
              {
                "busy": undefined,
                "checked": undefined,
                "disabled": undefined,
                "expanded": undefined,
                "selected": undefined,
              }
            }
            accessibilityValue={
              {
                "max": undefined,
                "min": undefined,
                "now": undefined,
                "text": undefined,
              }
            }
            accessible={true}
            collapsable={false}
            focusable={true}
            onBlur={[Function]}
            onClick={[Function]}
            onFocus={[Function]}
            onResponderGrant={[Function]}
            onResponderMove={[Function]}
            onResponderRelease={[Function]}
            onResponderTerminate={[Function]}
            onResponderTerminationRequest={[Function]}
            onStartShouldSetResponder={[Function]}
            style={
              {
                "alignItems": "center",
                "borderBottomColor": "#333",
                "borderBottomWidth": 1,
                "flexDirection": "row",
                "gap": 12,
                "minHeight": 50,
                "paddingHorizontal": 14,
              }
            }
          >
            <View
              color="#f59e0b"
              size={19}
              strokeWidth={1.8}
              testID="icon-Sparkles"
            />
            <Text
              numberOfLines={1}
              style={
                {
                  "color": "#fff",
                  "flex": 1,
                  "fontSize": 15,
                }
              }
            >
              Cloud Personalization
            </Text>
            <View
              style={
                {
                  "backgroundColor": "#f59e0b14",
                  "borderColor": "#f59e0b2D",
                  "borderRadius": 999,
                  "borderWidth": 1,
                  "paddingHorizontal": 8,
                  "paddingVertical": 2,
                }
              }
            >
              <Text
                style={
                  {
                    "color": "#f59e0b",
                    "fontSize": 10,
                    "fontWeight": "700",
                  }
                }
              >
                Sign in
              </Text>
            </View>
            <View
              color="#777"
              size={17}
              testID="icon-ChevronRight"
            />
          </View>
          <View
            accessibilityLabel="Cloud Memory. Sign in"
            accessibilityRole="button"
            accessibilityState={
              {
                "busy": undefined,
                "checked": undefined,
                "disabled": undefined,
                "expanded": undefined,
                "selected": undefined,
              }
            }
            accessibilityValue={
              {
                "max": undefined,
                "min": undefined,
                "now": undefined,
                "text": undefined,
              }
            }
            accessible={true}
            collapsable={false}
            focusable={true}
            onBlur={[Function]}
            onClick={[Function]}
            onFocus={[Function]}
            onResponderGrant={[Function]}
            onResponderMove={[Function]}
            onResponderRelease={[Function]}
            onResponderTerminate={[Function]}
            onResponderTerminationRequest={[Function]}
            onStartShouldSetResponder={[Function]}
            style={
              {
                "alignItems": "center",
                "borderBottomColor": "#333",
                "borderBottomWidth": 1,
                "flexDirection": "row",
                "gap": 12,
                "minHeight": 50,
                "paddingHorizontal": 14,
              }
            }
          >
            <View
              color="#f59e0b"
              size={19}
              strokeWidth={1.8}
              testID="icon-Brain"
            />
            <Text
              numberOfLines={1}
              style={
                {
                  "color": "#fff",
                  "flex": 1,
                  "fontSize": 15,
                }
              }
            >
              Cloud Memory
            </Text>
            <View
              style={
                {
                  "backgroundColor": "#f59e0b14",
                  "borderColor": "#f59e0b2D",
                  "borderRadius": 999,
                  "borderWidth": 1,
                  "paddingHorizontal": 8,
                  "paddingVertical": 2,
                }
              }
            >
              <Text
                style={
                  {
                    "color": "#f59e0b",
                    "fontSize": 10,
                    "fontWeight": "700",
                  }
                }
              >
                Sign in
              </Text>
            </View>
            <View
              color="#777"
              size={17}
              testID="icon-ChevronRight"
            />
          </View>
          <View
            accessibilityLabel="Cloud Data Controls. Sign in"
            accessibilityRole="button"
            accessibilityState={
              {
                "busy": undefined,
                "checked": undefined,
                "disabled": undefined,
                "expanded": undefined,
                "selected": undefined,
              }
            }
            accessibilityValue={
              {
                "max": undefined,
                "min": undefined,
                "now": undefined,
                "text": undefined,
              }
            }
            accessible={true}
            collapsable={false}
            focusable={true}
            onBlur={[Function]}
            onClick={[Function]}
            onFocus={[Function]}
            onResponderGrant={[Function]}
            onResponderMove={[Function]}
            onResponderRelease={[Function]}
            onResponderTerminate={[Function]}
            onResponderTerminationRequest={[Function]}
            onStartShouldSetResponder={[Function]}
            style={
              {
                "alignItems": "center",
                "borderBottomColor": "#333",
                "borderBottomWidth": 1,
                "flexDirection": "row",
                "gap": 12,
                "minHeight": 50,
                "paddingHorizontal": 14,
              }
            }
          >
            <View
              color="#f59e0b"
              size={19}
              strokeWidth={1.8}
              testID="icon-Database"
            />
            <Text
              numberOfLines={1}
              style={
                {
                  "color": "#fff",
                  "flex": 1,
                  "fontSize": 15,
                }
              }
            >
              Cloud Data Controls
            </Text>
            <View
              style={
                {
                  "backgroundColor": "#f59e0b14",
                  "borderColor": "#f59e0b2D",
                  "borderRadius": 999,
                  "borderWidth": 1,
                  "paddingHorizontal": 8,
                  "paddingVertical": 2,
                }
              }
            >
              <Text
                style={
                  {
                    "color": "#f59e0b",
                    "fontSize": 10,
                    "fontWeight": "700",
                  }
                }
              >
                Sign in
              </Text>
            </View>
            <View
              color="#777"
              size={17}
              testID="icon-ChevronRight"
            />
          </View>
          <View
            accessibilityLabel="Privacy. Sign in"
            accessibilityRole="button"
            accessibilityState={
              {
                "busy": undefined,
                "checked": undefined,
                "disabled": undefined,
                "expanded": undefined,
                "selected": undefined,
              }
            }
            accessibilityValue={
              {
                "max": undefined,
                "min": undefined,
                "now": undefined,
                "text": undefined,
              }
            }
            accessible={true}
            collapsable={false}
            focusable={true}
            onBlur={[Function]}
            onClick={[Function]}
            onFocus={[Function]}
            onResponderGrant={[Function]}
            onResponderMove={[Function]}
            onResponderRelease={[Function]}
            onResponderTerminate={[Function]}
            onResponderTerminationRequest={[Function]}
            onStartShouldSetResponder={[Function]}
            style={
              {
                "alignItems": "center",
                "borderBottomColor": "#333",
                "borderBottomWidth": 1,
                "flexDirection": "row",
                "gap": 12,
                "minHeight": 50,
                "paddingHorizontal": 14,
              }
            }
          >
            <View
              color="#f59e0b"
              size={19}
              strokeWidth={1.8}
              testID="icon-Shield"
            />
            <Text
              numberOfLines={1}
              style={
                {
                  "color": "#fff",
                  "flex": 1,
                  "fontSize": 15,
                }
              }
            >
              Privacy
            </Text>
            <View
              style={
                {
                  "backgroundColor": "#f59e0b14",
                  "borderColor": "#f59e0b2D",
                  "borderRadius": 999,
                  "borderWidth": 1,
                  "paddingHorizontal": 8,
                  "paddingVertical": 2,
                }
              }
            >
              <Text
                style={
                  {
                    "color": "#f59e0b",
                    "fontSize": 10,
                    "fontWeight": "700",
                  }
                }
              >
                Sign in
              </Text>
            </View>
            <View
              color="#777"
              size={17}
              testID="icon-ChevronRight"
            />
          </View>
          <View
            accessibilityLabel="Billing. Sign in"
            accessibilityRole="button"
            accessibilityState={
              {
                "busy": undefined,
                "checked": undefined,
                "disabled": undefined,
                "expanded": undefined,
                "selected": undefined,
              }
            }
            accessibilityValue={
              {
                "max": undefined,
                "min": undefined,
                "now": undefined,
                "text": undefined,
              }
            }
            accessible={true}
            collapsable={false}
            focusable={true}
            onBlur={[Function]}
            onClick={[Function]}
            onFocus={[Function]}
            onResponderGrant={[Function]}
            onResponderMove={[Function]}
            onResponderRelease={[Function]}
            onResponderTerminate={[Function]}
            onResponderTerminationRequest={[Function]}
            onStartShouldSetResponder={[Function]}
            style={
              {
                "alignItems": "center",
                "borderBottomColor": "#333",
                "borderBottomWidth": 1,
                "flexDirection": "row",
                "gap": 12,
                "minHeight": 50,
                "paddingHorizontal": 14,
              }
            }
          >
            <View
              color="#f59e0b"
              size={19}
              strokeWidth={1.8}
              testID="icon-CreditCard"
            />
            <Text
              numberOfLines={1}
              style={
                {
                  "color": "#fff",
                  "flex": 1,
                  "fontSize": 15,
                }
              }
            >
              Billing
            </Text>
            <View
              style={
                {
                  "backgroundColor": "#f59e0b14",
                  "borderColor": "#f59e0b2D",
                  "borderRadius": 999,
                  "borderWidth": 1,
                  "paddingHorizontal": 8,
                  "paddingVertical": 2,
                }
              }
            >
              <Text
                style={
                  {
                    "color": "#f59e0b",
                    "fontSize": 10,
                    "fontWeight": "700",
                  }
                }
              >
                Sign in
              </Text>
            </View>
            <View
              color="#777"
              size={17}
              testID="icon-ChevronRight"
            />
          </View>
          <View
            accessibilityLabel="Usage. Sign in"
            accessibilityRole="button"
            accessibilityState={
              {
                "busy": undefined,
                "checked": undefined,
                "disabled": undefined,
                "expanded": undefined,
                "selected": undefined,
              }
            }
            accessibilityValue={
              {
                "max": undefined,
                "min": undefined,
                "now": undefined,
                "text": undefined,
              }
            }
            accessible={true}
            collapsable={false}
            focusable={true}
            onBlur={[Function]}
            onClick={[Function]}
            onFocus={[Function]}
            onResponderGrant={[Function]}
            onResponderMove={[Function]}
            onResponderRelease={[Function]}
            onResponderTerminate={[Function]}
            onResponderTerminationRequest={[Function]}
            onStartShouldSetResponder={[Function]}
            style={
              {
                "alignItems": "center",
                "borderBottomColor": "#333",
                "borderBottomWidth": 1,
                "flexDirection": "row",
                "gap": 12,
                "minHeight": 50,
                "paddingHorizontal": 14,
              }
            }
          >
            <View
              color="#f59e0b"
              size={19}
              strokeWidth={1.8}
              testID="icon-Database"
            />
            <Text
              numberOfLines={1}
              style={
                {
                  "color": "#fff",
                  "flex": 1,
                  "fontSize": 15,
                }
              }
            >
              Usage
            </Text>
            <View
              style={
                {
                  "backgroundColor": "#f59e0b14",
                  "borderColor": "#f59e0b2D",
                  "borderRadius": 999,
                  "borderWidth": 1,
                  "paddingHorizontal": 8,
                  "paddingVertical": 2,
                }
              }
            >
              <Text
                style={
                  {
                    "color": "#f59e0b",
                    "fontSize": 10,
                    "fontWeight": "700",
                  }
                }
              >
                Sign in
              </Text>
            </View>
            <View
              color="#777"
              size={17}
              testID="icon-ChevronRight"
            />
          </View>
          <View
            accessibilityLabel="Connectors. Sign in"
            accessibilityRole="button"
            accessibilityState={
              {
                "busy": undefined,
                "checked": undefined,
                "disabled": undefined,
                "expanded": undefined,
                "selected": undefined,
              }
            }
            accessibilityValue={
              {
                "max": undefined,
                "min": undefined,
                "now": undefined,
                "text": undefined,
              }
            }
            accessible={true}
            collapsable={false}
            focusable={true}
            onBlur={[Function]}
            onClick={[Function]}
            onFocus={[Function]}
            onResponderGrant={[Function]}
            onResponderMove={[Function]}
            onResponderRelease={[Function]}
            onResponderTerminate={[Function]}
            onResponderTerminationRequest={[Function]}
            onStartShouldSetResponder={[Function]}
            style={
              {
                "alignItems": "center",
                "borderBottomColor": "#333",
                "borderBottomWidth": 0,
                "flexDirection": "row",
                "gap": 12,
                "minHeight": 50,
                "paddingHorizontal": 14,
              }
            }
          >
            <View
              color="#f59e0b"
              size={19}
              strokeWidth={1.8}
              testID="icon-Link2"
            />
            <Text
              numberOfLines={1}
              style={
                {
                  "color": "#fff",
                  "flex": 1,
                  "fontSize": 15,
                }
              }
            >
              Connectors
            </Text>
            <View
              style={
                {
                  "backgroundColor": "#f59e0b14",
                  "borderColor": "#f59e0b2D",
                  "borderRadius": 999,
                  "borderWidth": 1,
                  "paddingHorizontal": 8,
                  "paddingVertical": 2,
                }
              }
            >
              <Text
                style={
                  {
                    "color": "#f59e0b",
                    "fontSize": 10,
                    "fontWeight": "700",
                  }
                }
              >
                Sign in
              </Text>
            </View>
            <View
              color="#777"
              size={17}
              testID="icon-ChevronRight"
            />
          </View>
        </View>
      </View>
      <View
        style={
          {
            "marginBottom": 24,
          }
        }
      >
        <Text
          style={
            {
              "color": "#777",
              "fontSize": 13,
              "fontWeight": "600",
              "marginBottom": 8,
              "paddingHorizontal": 2,
            }
          }
        >
          Support
        </Text>
        <View
          style={
            {
              "backgroundColor": "#1a1a1a",
              "borderRadius": 24,
              "overflow": "hidden",
            }
          }
        >
          <View
            accessibilityLabel="Report App Issue"
            accessibilityRole="button"
            accessibilityState={
              {
                "busy": undefined,
                "checked": undefined,
                "disabled": undefined,
                "expanded": undefined,
                "selected": undefined,
              }
            }
            accessibilityValue={
              {
                "max": undefined,
                "min": undefined,
                "now": undefined,
                "text": undefined,
              }
            }
            accessible={true}
            collapsable={false}
            focusable={true}
            onBlur={[Function]}
            onClick={[Function]}
            onFocus={[Function]}
            onResponderGrant={[Function]}
            onResponderMove={[Function]}
            onResponderRelease={[Function]}
            onResponderTerminate={[Function]}
            onResponderTerminationRequest={[Function]}
            onStartShouldSetResponder={[Function]}
            style={
              {
                "alignItems": "center",
                "borderBottomColor": "#333",
                "borderBottomWidth": 1,
                "flexDirection": "row",
                "gap": 12,
                "minHeight": 50,
                "paddingHorizontal": 14,
              }
            }
          >
            <View
              color="#aaa"
              size={19}
              strokeWidth={1.8}
              testID="icon-MessageCircleWarning"
            />
            <Text
              numberOfLines={1}
              style={
                {
                  "color": "#fff",
                  "flex": 1,
                  "fontSize": 15,
                }
              }
            >
              Report App Issue
            </Text>
            <View
              color="#777"
              size={17}
              testID="icon-ChevronRight"
            />
          </View>
          <View
            accessibilityLabel="Help Center"
            accessibilityRole="button"
            accessibilityState={
              {
                "busy": undefined,
                "checked": undefined,
                "disabled": undefined,
                "expanded": undefined,
                "selected": undefined,
              }
            }
            accessibilityValue={
              {
                "max": undefined,
                "min": undefined,
                "now": undefined,
                "text": undefined,
              }
            }
            accessible={true}
            collapsable={false}
            focusable={true}
            onBlur={[Function]}
            onClick={[Function]}
            onFocus={[Function]}
            onResponderGrant={[Function]}
            onResponderMove={[Function]}
            onResponderRelease={[Function]}
            onResponderTerminate={[Function]}
            onResponderTerminationRequest={[Function]}
            onStartShouldSetResponder={[Function]}
            style={
              {
                "alignItems": "center",
                "borderBottomColor": "#333",
                "borderBottomWidth": 1,
                "flexDirection": "row",
                "gap": 12,
                "minHeight": 50,
                "paddingHorizontal": 14,
              }
            }
          >
            <View
              color="#aaa"
              size={19}
              strokeWidth={1.8}
              testID="icon-CircleHelp"
            />
            <Text
              numberOfLines={1}
              style={
                {
                  "color": "#fff",
                  "flex": 1,
                  "fontSize": 15,
                }
              }
            >
              Help Center
            </Text>
            <View
              color="#777"
              size={17}
              testID="icon-ChevronRight"
            />
          </View>
          <View
            accessibilityLabel="About. v1.0.0"
            accessibilityRole="button"
            accessibilityState={
              {
                "busy": undefined,
                "checked": undefined,
                "disabled": undefined,
                "expanded": undefined,
                "selected": undefined,
              }
            }
            accessibilityValue={
              {
                "max": undefined,
                "min": undefined,
                "now": undefined,
                "text": undefined,
              }
            }
            accessible={true}
            collapsable={false}
            focusable={true}
            onBlur={[Function]}
            onClick={[Function]}
            onFocus={[Function]}
            onResponderGrant={[Function]}
            onResponderMove={[Function]}
            onResponderRelease={[Function]}
            onResponderTerminate={[Function]}
            onResponderTerminationRequest={[Function]}
            onStartShouldSetResponder={[Function]}
            style={
              {
                "alignItems": "center",
                "borderBottomColor": "#333",
                "borderBottomWidth": 0,
                "flexDirection": "row",
                "gap": 12,
                "minHeight": 50,
                "paddingHorizontal": 14,
              }
            }
          >
            <View
              color="#aaa"
              size={19}
              strokeWidth={1.8}
              testID="icon-Info"
            />
            <Text
              numberOfLines={1}
              style={
                {
                  "color": "#fff",
                  "flex": 1,
                  "fontSize": 15,
                }
              }
            >
              About
            </Text>
            <Text
              numberOfLines={1}
              style={
                {
                  "color": "#777",
                  "fontSize": 13,
                  "maxWidth": 130,
                }
              }
            >
              v1.0.0
            </Text>
            <View
              color="#777"
              size={17}
              testID="icon-ChevronRight"
            />
          </View>
        </View>
      </View>
    </View>
  </RCTScrollView>
</View>
`;
