---
source: apps/cli/src/tui/widgets/snapshot_smoke.rs
expression: rendered
---
────────────────────────────────────────────────────────────────────────────────────────────────────────────────────────
  Usage

    Input tokens:                0
    Output tokens:               0
    Cache read tokens:           0
    Cache write tokens:          0
    Estimated cost:        $0.0000
    Turn count:                  0
    Model:               

  Tip: see https://agiworkforce.com/pricing for plan details.

  Esc to close
